

================================================================
== Vitis HLS Report for 'transformer_cu'
================================================================
* Date:           Sat Aug 15 18:46:11 2026

* Version:        2025.2 (Build 6295257 on Nov 14 2025)
* Project:        combo_cu
* Solution:       hls (Vitis Kernel Flow Target)
* Product family: versalaiedge
* Target device:  xcve2302-sfva784-1LP-e-S


================================================================
== Performance Estimates
================================================================
+ Timing: 
    * Summary: 
    +--------+---------+----------+------------+
    |  Clock |  Target | Estimated| Uncertainty|
    +--------+---------+----------+------------+
    |ap_clk  |  3.20 ns|  2.622 ns|     0.86 ns|
    +--------+---------+----------+------------+

+ Latency: 
    * Summary: 
    +---------+---------+----------+----------+-----+-----+----------+
    |  Latency (cycles) |  Latency (absolute) |  Interval | Pipeline |
    |   min   |   max   |    min   |    max   | min | max |   Type   |
    +---------+---------+----------+----------+-----+-----+----------+
    |        ?|        ?|         ?|         ?|    ?|    ?|  dataflow|
    +---------+---------+----------+----------+-----+-----+----------+

    + Detail: 
        * Instance: 
        +-----------------+--------------+---------+---------+----------+----------+-----+-----+---------+
        |                 |              |  Latency (cycles) |  Latency (absolute) |  Interval | Pipeline|
        |     Instance    |    Module    |   min   |   max   |    min   |    max   | min | max |   Type  |
        +-----------------+--------------+---------+---------+----------+----------+-----+-----+---------+
        |entry_proc56_U0  |entry_proc56  |        0|        0|      0 ns|      0 ns|    0|    0|       no|
        |weights_loop_U0  |weights_loop  |        ?|        ?|         ?|         ?|    ?|    ?|       no|
        |calc_fsm_U0      |calc_fsm      |        ?|        ?|         ?|         ?|    ?|    ?|       no|
        +-----------------+--------------+---------+---------+----------+----------+-----+-----+---------+

        * Loop: 
        N/A



================================================================
== Utilization Estimates
================================================================
* Summary: 
+-----------------+---------+-----+--------+--------+-----+
|       Name      | BRAM_18K| DSP |   FF   |   LUT  | URAM|
+-----------------+---------+-----+--------+--------+-----+
|DSP              |        -|    -|       -|       -|    -|
|Expression       |        -|    -|       0|      16|    -|
|FIFO             |        -|    -|    1128|    1075|   74|
|Instance         |      297|  428|  190445|  453838|   70|
|Memory           |        -|    -|       -|       -|    -|
|Multiplexer      |        -|    -|       0|       3|    -|
|Register         |        -|    -|       6|       -|    -|
+-----------------+---------+-----+--------+--------+-----+
|Total            |      297|  428|  191579|  454932|  144|
+-----------------+---------+-----+--------+--------+-----+
|Available        |      310|  464|  300544|  150272|  155|
+-----------------+---------+-----+--------+--------+-----+
|Utilization (%)  |       95|   92|      63|     302|   92|
+-----------------+---------+-----+--------+--------+-----+

+ Detail: 
    * Instance: 
    +----------------------+--------------------+---------+-----+--------+--------+-----+
    |       Instance       |       Module       | BRAM_18K| DSP |   FF   |   LUT  | URAM|
    +----------------------+--------------------+---------+-----+--------+--------+-----+
    |D_TOK_W_SF_0_m_axi_U  |D_TOK_W_SF_0_m_axi  |        0|    0|    2138|    1182|    8|
    |D_TOK_W_SF_1_m_axi_U  |D_TOK_W_SF_1_m_axi  |        0|    0|    2138|    1182|    8|
    |D_W_GEMM_0_m_axi_U    |D_W_GEMM_0_m_axi    |        0|    0|    2196|    1242|    8|
    |D_W_GEMM_1_m_axi_U    |D_W_GEMM_1_m_axi    |        0|    0|    2196|    1242|    8|
    |calc_fsm_U0           |calc_fsm            |      297|  416|  162404|  435112|   20|
    |control_s_axi_U       |control_s_axi       |        0|    0|    1402|    2412|    0|
    |entry_proc56_U0       |entry_proc56        |        0|    0|       2|      17|    0|
    |kc_gemm_m_axi_U       |kc_gemm_m_axi       |        0|    0|    4604|    2948|    8|
    |vc_gemm_m_axi_U       |vc_gemm_m_axi       |        0|    0|    4604|    2948|    8|
    |w_n_t_gemm_m_axi_U    |w_n_t_gemm_m_axi    |        0|    0|    3008|    2407|    2|
    |weights_loop_U0       |weights_loop        |        0|   12|    5753|    3146|    0|
    +----------------------+--------------------+---------+-----+--------+--------+-----+
    |Total                 |                    |      297|  428|  190445|  453838|   70|
    +----------------------+--------------------+---------+-----+--------+--------+-----+

    * DSP: 
    N/A

    * Memory: 
    N/A

    * FIFO: 
    +-------------------+---------+----+----+-----+-------+-----+---------+
    |        Name       | BRAM_18K| FF | LUT| URAM| Depth | Bits| Size:D*B|
    +-------------------+---------+----+----+-----+-------+-----+---------+
    |CURR_LAYER_c_U     |        0|   7|   0|    -|      3|   32|       96|
    |Embed_W_c_U        |        0|  70|   0|    -|      2|   32|       64|
    |Embed_sf_W_c_U     |        0|  70|   0|    -|      2|   32|       64|
    |FF_w1w3_W_c_U      |        0|  70|   0|    -|      2|   32|       64|
    |FF_w1w3_sf_W_c_U   |        0|  70|   0|    -|      2|   32|       64|
    |FF_w2_W_c_U        |        0|  70|   0|    -|      2|   32|       64|
    |FF_w2_sf_W_c_U     |        0|  70|   0|    -|      2|   32|       64|
    |NEXT_STATE_c_U     |        0|   7|   0|    -|      3|   32|       96|
    |Out_W_c_U          |        0|  70|   0|    -|      2|   32|       64|
    |Out_sf_W_c_U       |        0|  70|   0|    -|      2|   32|       64|
    |POS_r_c_U          |        0|   7|   0|    -|      3|   32|       96|
    |QKV_W_c_U          |        0|  70|   0|    -|      2|   32|       64|
    |QKV_sf_W_c_U       |        0|  70|   0|    -|      2|   32|       64|
    |coin_c_U           |        0|   7|   0|    -|      3|   32|       96|
    |data_out_c_U       |        0|   7|   0|    -|      3|   64|      192|
    |faker_c_U          |        0|  70|   0|    -|      2|   32|       64|
    |init_rms_flag_c_U  |        0|   7|   0|    -|      3|    1|        3|
    |key_cache_c_U      |        0|   7|   0|    -|      3|   64|      192|
    |rms_att_W_c_U      |        0|   7|   0|    -|      3|   32|       96|
    |rms_ffn_W_c_U      |        0|   7|   0|    -|      3|   32|       96|
    |rms_final_W_c_U    |        0|   7|   0|    -|      3|   32|       96|
    |s_w_0_U            |        0|  77|  29|    -|  16384|  512|  8388608|
    |s_w_1_U            |        0|  77|  29|    -|  16384|  512|  8388608|
    |s_wsf_0_U          |        0|  53|   8|    -|   4096|  512|  2097152|
    |s_wsf_1_U          |        0|  53|   8|    -|   4096|  512|  2097152|
    |temperature_c_U    |        0|   7|   0|    -|      3|   32|       96|
    |tokens_c_U         |        0|   7|   0|    -|      3|   64|      192|
    |value_cache_c_U    |        0|   7|   0|    -|      3|   64|      192|
    |weights_c_U        |        0|   7|   0|    -|      3|   64|      192|
    +-------------------+---------+----+----+-----+-------+-----+---------+
    |Total              |        0|1128|  74|    0|  41024| 2977| 20973956|
    +-------------------+---------+----+----+-----+-------+-----+---------+

    * Expression: 
    +----------------------------------+----------+----+---+----+------------+------------+
    |           Variable Name          | Operation| DSP| FF| LUT| Bitwidth P0| Bitwidth P1|
    +----------------------------------+----------+----+---+----+------------+------------+
    |ap_idle                           |       and|   0|  0|   2|           1|           1|
    |ap_sync_ready                     |       and|   0|  0|   2|           1|           1|
    |calc_fsm_U0_ap_start              |       and|   0|  0|   2|           1|           1|
    |entry_proc56_U0_ap_start          |       and|   0|  0|   2|           1|           1|
    |weights_loop_U0_ap_start          |       and|   0|  0|   2|           1|           1|
    |ap_sync_calc_fsm_U0_ap_ready      |        or|   0|  0|   2|           1|           1|
    |ap_sync_entry_proc56_U0_ap_ready  |        or|   0|  0|   2|           1|           1|
    |ap_sync_weights_loop_U0_ap_ready  |        or|   0|  0|   2|           1|           1|
    +----------------------------------+----------+----+---+----+------------+------------+
    |Total                             |          |   0|  0|  16|           8|           8|
    +----------------------------------+----------+----+---+----+------------+------------+

    * Multiplexer: 
    +--------------------------------------+----+-----------+-----+-----------+
    |                 Name                 | LUT| Input Size| Bits| Total Bits|
    +--------------------------------------+----+-----------+-----+-----------+
    |ap_sync_reg_calc_fsm_U0_ap_ready      |   1|          2|    1|          2|
    |ap_sync_reg_entry_proc56_U0_ap_ready  |   1|          2|    1|          2|
    |ap_sync_reg_weights_loop_U0_ap_ready  |   1|          2|    1|          2|
    +--------------------------------------+----+-----------+-----+-----------+
    |Total                                 |   3|          6|    3|          6|
    +--------------------------------------+----+-----------+-----+-----------+

    * Register: 
    +--------------------------------------+---+----+-----+-----------+
    |                 Name                 | FF| LUT| Bits| Const Bits|
    +--------------------------------------+---+----+-----+-----------+
    |ap_rst_n_inv                          |  1|   0|    1|          0|
    |ap_rst_reg_1                          |  1|   0|    1|          0|
    |ap_rst_reg_2                          |  1|   0|    1|          0|
    |ap_sync_reg_calc_fsm_U0_ap_ready      |  1|   0|    1|          0|
    |ap_sync_reg_entry_proc56_U0_ap_ready  |  1|   0|    1|          0|
    |ap_sync_reg_weights_loop_U0_ap_ready  |  1|   0|    1|          0|
    +--------------------------------------+---+----+-----+-----------+
    |Total                                 |  6|   0|    6|          0|
    +--------------------------------------+---+----+-----+-----------+



================================================================
== Interface
================================================================
* Summary: 
+-----------------------------+-----+-----+---------------+----------------+--------------+
|          RTL Ports          | Dir | Bits|    Protocol   |  Source Object |    C Type    |
+-----------------------------+-----+-----+---------------+----------------+--------------+
|s_axi_control_AWVALID        |   in|    1|          s_axi|         control|        scalar|
|s_axi_control_AWREADY        |  out|    1|          s_axi|         control|        scalar|
|s_axi_control_AWADDR         |   in|    9|          s_axi|         control|        scalar|
|s_axi_control_WVALID         |   in|    1|          s_axi|         control|        scalar|
|s_axi_control_WREADY         |  out|    1|          s_axi|         control|        scalar|
|s_axi_control_WDATA          |   in|   32|          s_axi|         control|        scalar|
|s_axi_control_WSTRB          |   in|    4|          s_axi|         control|        scalar|
|s_axi_control_ARVALID        |   in|    1|          s_axi|         control|        scalar|
|s_axi_control_ARREADY        |  out|    1|          s_axi|         control|        scalar|
|s_axi_control_ARADDR         |   in|    9|          s_axi|         control|        scalar|
|s_axi_control_RVALID         |  out|    1|          s_axi|         control|        scalar|
|s_axi_control_RREADY         |   in|    1|          s_axi|         control|        scalar|
|s_axi_control_RDATA          |  out|   32|          s_axi|         control|        scalar|
|s_axi_control_RRESP          |  out|    2|          s_axi|         control|        scalar|
|s_axi_control_BVALID         |  out|    1|          s_axi|         control|        scalar|
|s_axi_control_BREADY         |   in|    1|          s_axi|         control|        scalar|
|s_axi_control_BRESP          |  out|    2|          s_axi|         control|        scalar|
|ap_clk                       |   in|    1|  ap_ctrl_chain|  transformer_cu|  return value|
|ap_rst_n                     |   in|    1|  ap_ctrl_chain|  transformer_cu|  return value|
|interrupt                    |  out|    1|  ap_ctrl_chain|  transformer_cu|  return value|
|m_axi_D_TOK_W_SF_0_AWVALID   |  out|    1|          m_axi|    D_TOK_W_SF_0|       pointer|
|m_axi_D_TOK_W_SF_0_AWREADY   |   in|    1|          m_axi|    D_TOK_W_SF_0|       pointer|
|m_axi_D_TOK_W_SF_0_AWADDR    |  out|   64|          m_axi|    D_TOK_W_SF_0|       pointer|
|m_axi_D_TOK_W_SF_0_AWID      |  out|    1|          m_axi|    D_TOK_W_SF_0|       pointer|
|m_axi_D_TOK_W_SF_0_AWLEN     |  out|    8|          m_axi|    D_TOK_W_SF_0|       pointer|
|m_axi_D_TOK_W_SF_0_AWSIZE    |  out|    3|          m_axi|    D_TOK_W_SF_0|       pointer|
|m_axi_D_TOK_W_SF_0_AWBURST   |  out|    2|          m_axi|    D_TOK_W_SF_0|       pointer|
|m_axi_D_TOK_W_SF_0_AWLOCK    |  out|    2|          m_axi|    D_TOK_W_SF_0|       pointer|
|m_axi_D_TOK_W_SF_0_AWCACHE   |  out|    4|          m_axi|    D_TOK_W_SF_0|       pointer|
|m_axi_D_TOK_W_SF_0_AWPROT    |  out|    3|          m_axi|    D_TOK_W_SF_0|       pointer|
|m_axi_D_TOK_W_SF_0_AWQOS     |  out|    4|          m_axi|    D_TOK_W_SF_0|       pointer|
|m_axi_D_TOK_W_SF_0_AWREGION  |  out|    4|          m_axi|    D_TOK_W_SF_0|       pointer|
|m_axi_D_TOK_W_SF_0_AWUSER    |  out|    1|          m_axi|    D_TOK_W_SF_0|       pointer|
|m_axi_D_TOK_W_SF_0_WVALID    |  out|    1|          m_axi|    D_TOK_W_SF_0|       pointer|
|m_axi_D_TOK_W_SF_0_WREADY    |   in|    1|          m_axi|    D_TOK_W_SF_0|       pointer|
|m_axi_D_TOK_W_SF_0_WDATA     |  out|  512|          m_axi|    D_TOK_W_SF_0|       pointer|
|m_axi_D_TOK_W_SF_0_WSTRB     |  out|   64|          m_axi|    D_TOK_W_SF_0|       pointer|
|m_axi_D_TOK_W_SF_0_WLAST     |  out|    1|          m_axi|    D_TOK_W_SF_0|       pointer|
|m_axi_D_TOK_W_SF_0_WID       |  out|    1|          m_axi|    D_TOK_W_SF_0|       pointer|
|m_axi_D_TOK_W_SF_0_WUSER     |  out|    1|          m_axi|    D_TOK_W_SF_0|       pointer|
|m_axi_D_TOK_W_SF_0_ARVALID   |  out|    1|          m_axi|    D_TOK_W_SF_0|       pointer|
|m_axi_D_TOK_W_SF_0_ARREADY   |   in|    1|          m_axi|    D_TOK_W_SF_0|       pointer|
|m_axi_D_TOK_W_SF_0_ARADDR    |  out|   64|          m_axi|    D_TOK_W_SF_0|       pointer|
|m_axi_D_TOK_W_SF_0_ARID      |  out|    1|          m_axi|    D_TOK_W_SF_0|       pointer|
|m_axi_D_TOK_W_SF_0_ARLEN     |  out|    8|          m_axi|    D_TOK_W_SF_0|       pointer|
|m_axi_D_TOK_W_SF_0_ARSIZE    |  out|    3|          m_axi|    D_TOK_W_SF_0|       pointer|
|m_axi_D_TOK_W_SF_0_ARBURST   |  out|    2|          m_axi|    D_TOK_W_SF_0|       pointer|
|m_axi_D_TOK_W_SF_0_ARLOCK    |  out|    2|          m_axi|    D_TOK_W_SF_0|       pointer|
|m_axi_D_TOK_W_SF_0_ARCACHE   |  out|    4|          m_axi|    D_TOK_W_SF_0|       pointer|
|m_axi_D_TOK_W_SF_0_ARPROT    |  out|    3|          m_axi|    D_TOK_W_SF_0|       pointer|
|m_axi_D_TOK_W_SF_0_ARQOS     |  out|    4|          m_axi|    D_TOK_W_SF_0|       pointer|
|m_axi_D_TOK_W_SF_0_ARREGION  |  out|    4|          m_axi|    D_TOK_W_SF_0|       pointer|
|m_axi_D_TOK_W_SF_0_ARUSER    |  out|    1|          m_axi|    D_TOK_W_SF_0|       pointer|
|m_axi_D_TOK_W_SF_0_RVALID    |   in|    1|          m_axi|    D_TOK_W_SF_0|       pointer|
|m_axi_D_TOK_W_SF_0_RREADY    |  out|    1|          m_axi|    D_TOK_W_SF_0|       pointer|
|m_axi_D_TOK_W_SF_0_RDATA     |   in|  512|          m_axi|    D_TOK_W_SF_0|       pointer|
|m_axi_D_TOK_W_SF_0_RLAST     |   in|    1|          m_axi|    D_TOK_W_SF_0|       pointer|
|m_axi_D_TOK_W_SF_0_RID       |   in|    1|          m_axi|    D_TOK_W_SF_0|       pointer|
|m_axi_D_TOK_W_SF_0_RUSER     |   in|    1|          m_axi|    D_TOK_W_SF_0|       pointer|
|m_axi_D_TOK_W_SF_0_RRESP     |   in|    2|          m_axi|    D_TOK_W_SF_0|       pointer|
|m_axi_D_TOK_W_SF_0_BVALID    |   in|    1|          m_axi|    D_TOK_W_SF_0|       pointer|
|m_axi_D_TOK_W_SF_0_BREADY    |  out|    1|          m_axi|    D_TOK_W_SF_0|       pointer|
|m_axi_D_TOK_W_SF_0_BRESP     |   in|    2|          m_axi|    D_TOK_W_SF_0|       pointer|
|m_axi_D_TOK_W_SF_0_BID       |   in|    1|          m_axi|    D_TOK_W_SF_0|       pointer|
|m_axi_D_TOK_W_SF_0_BUSER     |   in|    1|          m_axi|    D_TOK_W_SF_0|       pointer|
|m_axi_D_TOK_W_SF_1_AWVALID   |  out|    1|          m_axi|    D_TOK_W_SF_1|       pointer|
|m_axi_D_TOK_W_SF_1_AWREADY   |   in|    1|          m_axi|    D_TOK_W_SF_1|       pointer|
|m_axi_D_TOK_W_SF_1_AWADDR    |  out|   64|          m_axi|    D_TOK_W_SF_1|       pointer|
|m_axi_D_TOK_W_SF_1_AWID      |  out|    1|          m_axi|    D_TOK_W_SF_1|       pointer|
|m_axi_D_TOK_W_SF_1_AWLEN     |  out|    8|          m_axi|    D_TOK_W_SF_1|       pointer|
|m_axi_D_TOK_W_SF_1_AWSIZE    |  out|    3|          m_axi|    D_TOK_W_SF_1|       pointer|
|m_axi_D_TOK_W_SF_1_AWBURST   |  out|    2|          m_axi|    D_TOK_W_SF_1|       pointer|
|m_axi_D_TOK_W_SF_1_AWLOCK    |  out|    2|          m_axi|    D_TOK_W_SF_1|       pointer|
|m_axi_D_TOK_W_SF_1_AWCACHE   |  out|    4|          m_axi|    D_TOK_W_SF_1|       pointer|
|m_axi_D_TOK_W_SF_1_AWPROT    |  out|    3|          m_axi|    D_TOK_W_SF_1|       pointer|
|m_axi_D_TOK_W_SF_1_AWQOS     |  out|    4|          m_axi|    D_TOK_W_SF_1|       pointer|
|m_axi_D_TOK_W_SF_1_AWREGION  |  out|    4|          m_axi|    D_TOK_W_SF_1|       pointer|
|m_axi_D_TOK_W_SF_1_AWUSER    |  out|    1|          m_axi|    D_TOK_W_SF_1|       pointer|
|m_axi_D_TOK_W_SF_1_WVALID    |  out|    1|          m_axi|    D_TOK_W_SF_1|       pointer|
|m_axi_D_TOK_W_SF_1_WREADY    |   in|    1|          m_axi|    D_TOK_W_SF_1|       pointer|
|m_axi_D_TOK_W_SF_1_WDATA     |  out|  512|          m_axi|    D_TOK_W_SF_1|       pointer|
|m_axi_D_TOK_W_SF_1_WSTRB     |  out|   64|          m_axi|    D_TOK_W_SF_1|       pointer|
|m_axi_D_TOK_W_SF_1_WLAST     |  out|    1|          m_axi|    D_TOK_W_SF_1|       pointer|
|m_axi_D_TOK_W_SF_1_WID       |  out|    1|          m_axi|    D_TOK_W_SF_1|       pointer|
|m_axi_D_TOK_W_SF_1_WUSER     |  out|    1|          m_axi|    D_TOK_W_SF_1|       pointer|
|m_axi_D_TOK_W_SF_1_ARVALID   |  out|    1|          m_axi|    D_TOK_W_SF_1|       pointer|
|m_axi_D_TOK_W_SF_1_ARREADY   |   in|    1|          m_axi|    D_TOK_W_SF_1|       pointer|
|m_axi_D_TOK_W_SF_1_ARADDR    |  out|   64|          m_axi|    D_TOK_W_SF_1|       pointer|
|m_axi_D_TOK_W_SF_1_ARID      |  out|    1|          m_axi|    D_TOK_W_SF_1|       pointer|
|m_axi_D_TOK_W_SF_1_ARLEN     |  out|    8|          m_axi|    D_TOK_W_SF_1|       pointer|
|m_axi_D_TOK_W_SF_1_ARSIZE    |  out|    3|          m_axi|    D_TOK_W_SF_1|       pointer|
|m_axi_D_TOK_W_SF_1_ARBURST   |  out|    2|          m_axi|    D_TOK_W_SF_1|       pointer|
|m_axi_D_TOK_W_SF_1_ARLOCK    |  out|    2|          m_axi|    D_TOK_W_SF_1|       pointer|
|m_axi_D_TOK_W_SF_1_ARCACHE   |  out|    4|          m_axi|    D_TOK_W_SF_1|       pointer|
|m_axi_D_TOK_W_SF_1_ARPROT    |  out|    3|          m_axi|    D_TOK_W_SF_1|       pointer|
|m_axi_D_TOK_W_SF_1_ARQOS     |  out|    4|          m_axi|    D_TOK_W_SF_1|       pointer|
|m_axi_D_TOK_W_SF_1_ARREGION  |  out|    4|          m_axi|    D_TOK_W_SF_1|       pointer|
|m_axi_D_TOK_W_SF_1_ARUSER    |  out|    1|          m_axi|    D_TOK_W_SF_1|       pointer|
|m_axi_D_TOK_W_SF_1_RVALID    |   in|    1|          m_axi|    D_TOK_W_SF_1|       pointer|
|m_axi_D_TOK_W_SF_1_RREADY    |  out|    1|          m_axi|    D_TOK_W_SF_1|       pointer|
|m_axi_D_TOK_W_SF_1_RDATA     |   in|  512|          m_axi|    D_TOK_W_SF_1|       pointer|
|m_axi_D_TOK_W_SF_1_RLAST     |   in|    1|          m_axi|    D_TOK_W_SF_1|       pointer|
|m_axi_D_TOK_W_SF_1_RID       |   in|    1|          m_axi|    D_TOK_W_SF_1|       pointer|
|m_axi_D_TOK_W_SF_1_RUSER     |   in|    1|          m_axi|    D_TOK_W_SF_1|       pointer|
|m_axi_D_TOK_W_SF_1_RRESP     |   in|    2|          m_axi|    D_TOK_W_SF_1|       pointer|
|m_axi_D_TOK_W_SF_1_BVALID    |   in|    1|          m_axi|    D_TOK_W_SF_1|       pointer|
|m_axi_D_TOK_W_SF_1_BREADY    |  out|    1|          m_axi|    D_TOK_W_SF_1|       pointer|
|m_axi_D_TOK_W_SF_1_BRESP     |   in|    2|          m_axi|    D_TOK_W_SF_1|       pointer|
|m_axi_D_TOK_W_SF_1_BID       |   in|    1|          m_axi|    D_TOK_W_SF_1|       pointer|
|m_axi_D_TOK_W_SF_1_BUSER     |   in|    1|          m_axi|    D_TOK_W_SF_1|       pointer|
|m_axi_D_W_GEMM_0_AWVALID     |  out|    1|          m_axi|      D_W_GEMM_0|       pointer|
|m_axi_D_W_GEMM_0_AWREADY     |   in|    1|          m_axi|      D_W_GEMM_0|       pointer|
|m_axi_D_W_GEMM_0_AWADDR      |  out|   64|          m_axi|      D_W_GEMM_0|       pointer|
|m_axi_D_W_GEMM_0_AWID        |  out|    1|          m_axi|      D_W_GEMM_0|       pointer|
|m_axi_D_W_GEMM_0_AWLEN       |  out|    8|          m_axi|      D_W_GEMM_0|       pointer|
|m_axi_D_W_GEMM_0_AWSIZE      |  out|    3|          m_axi|      D_W_GEMM_0|       pointer|
|m_axi_D_W_GEMM_0_AWBURST     |  out|    2|          m_axi|      D_W_GEMM_0|       pointer|
|m_axi_D_W_GEMM_0_AWLOCK      |  out|    2|          m_axi|      D_W_GEMM_0|       pointer|
|m_axi_D_W_GEMM_0_AWCACHE     |  out|    4|          m_axi|      D_W_GEMM_0|       pointer|
|m_axi_D_W_GEMM_0_AWPROT      |  out|    3|          m_axi|      D_W_GEMM_0|       pointer|
|m_axi_D_W_GEMM_0_AWQOS       |  out|    4|          m_axi|      D_W_GEMM_0|       pointer|
|m_axi_D_W_GEMM_0_AWREGION    |  out|    4|          m_axi|      D_W_GEMM_0|       pointer|
|m_axi_D_W_GEMM_0_AWUSER      |  out|    1|          m_axi|      D_W_GEMM_0|       pointer|
|m_axi_D_W_GEMM_0_WVALID      |  out|    1|          m_axi|      D_W_GEMM_0|       pointer|
|m_axi_D_W_GEMM_0_WREADY      |   in|    1|          m_axi|      D_W_GEMM_0|       pointer|
|m_axi_D_W_GEMM_0_WDATA       |  out|  512|          m_axi|      D_W_GEMM_0|       pointer|
|m_axi_D_W_GEMM_0_WSTRB       |  out|   64|          m_axi|      D_W_GEMM_0|       pointer|
|m_axi_D_W_GEMM_0_WLAST       |  out|    1|          m_axi|      D_W_GEMM_0|       pointer|
|m_axi_D_W_GEMM_0_WID         |  out|    1|          m_axi|      D_W_GEMM_0|       pointer|
|m_axi_D_W_GEMM_0_WUSER       |  out|    1|          m_axi|      D_W_GEMM_0|       pointer|
|m_axi_D_W_GEMM_0_ARVALID     |  out|    1|          m_axi|      D_W_GEMM_0|       pointer|
|m_axi_D_W_GEMM_0_ARREADY     |   in|    1|          m_axi|      D_W_GEMM_0|       pointer|
|m_axi_D_W_GEMM_0_ARADDR      |  out|   64|          m_axi|      D_W_GEMM_0|       pointer|
|m_axi_D_W_GEMM_0_ARID        |  out|    1|          m_axi|      D_W_GEMM_0|       pointer|
|m_axi_D_W_GEMM_0_ARLEN       |  out|    8|          m_axi|      D_W_GEMM_0|       pointer|
|m_axi_D_W_GEMM_0_ARSIZE      |  out|    3|          m_axi|      D_W_GEMM_0|       pointer|
|m_axi_D_W_GEMM_0_ARBURST     |  out|    2|          m_axi|      D_W_GEMM_0|       pointer|
|m_axi_D_W_GEMM_0_ARLOCK      |  out|    2|          m_axi|      D_W_GEMM_0|       pointer|
|m_axi_D_W_GEMM_0_ARCACHE     |  out|    4|          m_axi|      D_W_GEMM_0|       pointer|
|m_axi_D_W_GEMM_0_ARPROT      |  out|    3|          m_axi|      D_W_GEMM_0|       pointer|
|m_axi_D_W_GEMM_0_ARQOS       |  out|    4|          m_axi|      D_W_GEMM_0|       pointer|
|m_axi_D_W_GEMM_0_ARREGION    |  out|    4|          m_axi|      D_W_GEMM_0|       pointer|
|m_axi_D_W_GEMM_0_ARUSER      |  out|    1|          m_axi|      D_W_GEMM_0|       pointer|
|m_axi_D_W_GEMM_0_RVALID      |   in|    1|          m_axi|      D_W_GEMM_0|       pointer|
|m_axi_D_W_GEMM_0_RREADY      |  out|    1|          m_axi|      D_W_GEMM_0|       pointer|
|m_axi_D_W_GEMM_0_RDATA       |   in|  512|          m_axi|      D_W_GEMM_0|       pointer|
|m_axi_D_W_GEMM_0_RLAST       |   in|    1|          m_axi|      D_W_GEMM_0|       pointer|
|m_axi_D_W_GEMM_0_RID         |   in|    1|          m_axi|      D_W_GEMM_0|       pointer|
|m_axi_D_W_GEMM_0_RUSER       |   in|    1|          m_axi|      D_W_GEMM_0|       pointer|
|m_axi_D_W_GEMM_0_RRESP       |   in|    2|          m_axi|      D_W_GEMM_0|       pointer|
|m_axi_D_W_GEMM_0_BVALID      |   in|    1|          m_axi|      D_W_GEMM_0|       pointer|
|m_axi_D_W_GEMM_0_BREADY      |  out|    1|          m_axi|      D_W_GEMM_0|       pointer|
|m_axi_D_W_GEMM_0_BRESP       |   in|    2|          m_axi|      D_W_GEMM_0|       pointer|
|m_axi_D_W_GEMM_0_BID         |   in|    1|          m_axi|      D_W_GEMM_0|       pointer|
|m_axi_D_W_GEMM_0_BUSER       |   in|    1|          m_axi|      D_W_GEMM_0|       pointer|
|m_axi_D_W_GEMM_1_AWVALID     |  out|    1|          m_axi|      D_W_GEMM_1|       pointer|
|m_axi_D_W_GEMM_1_AWREADY     |   in|    1|          m_axi|      D_W_GEMM_1|       pointer|
|m_axi_D_W_GEMM_1_AWADDR      |  out|   64|          m_axi|      D_W_GEMM_1|       pointer|
|m_axi_D_W_GEMM_1_AWID        |  out|    1|          m_axi|      D_W_GEMM_1|       pointer|
|m_axi_D_W_GEMM_1_AWLEN       |  out|    8|          m_axi|      D_W_GEMM_1|       pointer|
|m_axi_D_W_GEMM_1_AWSIZE      |  out|    3|          m_axi|      D_W_GEMM_1|       pointer|
|m_axi_D_W_GEMM_1_AWBURST     |  out|    2|          m_axi|      D_W_GEMM_1|       pointer|
|m_axi_D_W_GEMM_1_AWLOCK      |  out|    2|          m_axi|      D_W_GEMM_1|       pointer|
|m_axi_D_W_GEMM_1_AWCACHE     |  out|    4|          m_axi|      D_W_GEMM_1|       pointer|
|m_axi_D_W_GEMM_1_AWPROT      |  out|    3|          m_axi|      D_W_GEMM_1|       pointer|
|m_axi_D_W_GEMM_1_AWQOS       |  out|    4|          m_axi|      D_W_GEMM_1|       pointer|
|m_axi_D_W_GEMM_1_AWREGION    |  out|    4|          m_axi|      D_W_GEMM_1|       pointer|
|m_axi_D_W_GEMM_1_AWUSER      |  out|    1|          m_axi|      D_W_GEMM_1|       pointer|
|m_axi_D_W_GEMM_1_WVALID      |  out|    1|          m_axi|      D_W_GEMM_1|       pointer|
|m_axi_D_W_GEMM_1_WREADY      |   in|    1|          m_axi|      D_W_GEMM_1|       pointer|
|m_axi_D_W_GEMM_1_WDATA       |  out|  512|          m_axi|      D_W_GEMM_1|       pointer|
|m_axi_D_W_GEMM_1_WSTRB       |  out|   64|          m_axi|      D_W_GEMM_1|       pointer|
|m_axi_D_W_GEMM_1_WLAST       |  out|    1|          m_axi|      D_W_GEMM_1|       pointer|
|m_axi_D_W_GEMM_1_WID         |  out|    1|          m_axi|      D_W_GEMM_1|       pointer|
|m_axi_D_W_GEMM_1_WUSER       |  out|    1|          m_axi|      D_W_GEMM_1|       pointer|
|m_axi_D_W_GEMM_1_ARVALID     |  out|    1|          m_axi|      D_W_GEMM_1|       pointer|
|m_axi_D_W_GEMM_1_ARREADY     |   in|    1|          m_axi|      D_W_GEMM_1|       pointer|
|m_axi_D_W_GEMM_1_ARADDR      |  out|   64|          m_axi|      D_W_GEMM_1|       pointer|
|m_axi_D_W_GEMM_1_ARID        |  out|    1|          m_axi|      D_W_GEMM_1|       pointer|
|m_axi_D_W_GEMM_1_ARLEN       |  out|    8|          m_axi|      D_W_GEMM_1|       pointer|
|m_axi_D_W_GEMM_1_ARSIZE      |  out|    3|          m_axi|      D_W_GEMM_1|       pointer|
|m_axi_D_W_GEMM_1_ARBURST     |  out|    2|          m_axi|      D_W_GEMM_1|       pointer|
|m_axi_D_W_GEMM_1_ARLOCK      |  out|    2|          m_axi|      D_W_GEMM_1|       pointer|
|m_axi_D_W_GEMM_1_ARCACHE     |  out|    4|          m_axi|      D_W_GEMM_1|       pointer|
|m_axi_D_W_GEMM_1_ARPROT      |  out|    3|          m_axi|      D_W_GEMM_1|       pointer|
|m_axi_D_W_GEMM_1_ARQOS       |  out|    4|          m_axi|      D_W_GEMM_1|       pointer|
|m_axi_D_W_GEMM_1_ARREGION    |  out|    4|          m_axi|      D_W_GEMM_1|       pointer|
|m_axi_D_W_GEMM_1_ARUSER      |  out|    1|          m_axi|      D_W_GEMM_1|       pointer|
|m_axi_D_W_GEMM_1_RVALID      |   in|    1|          m_axi|      D_W_GEMM_1|       pointer|
|m_axi_D_W_GEMM_1_RREADY      |  out|    1|          m_axi|      D_W_GEMM_1|       pointer|
|m_axi_D_W_GEMM_1_RDATA       |   in|  512|          m_axi|      D_W_GEMM_1|       pointer|
|m_axi_D_W_GEMM_1_RLAST       |   in|    1|          m_axi|      D_W_GEMM_1|       pointer|
|m_axi_D_W_GEMM_1_RID         |   in|    1|          m_axi|      D_W_GEMM_1|       pointer|
|m_axi_D_W_GEMM_1_RUSER       |   in|    1|          m_axi|      D_W_GEMM_1|       pointer|
|m_axi_D_W_GEMM_1_RRESP       |   in|    2|          m_axi|      D_W_GEMM_1|       pointer|
|m_axi_D_W_GEMM_1_BVALID      |   in|    1|          m_axi|      D_W_GEMM_1|       pointer|
|m_axi_D_W_GEMM_1_BREADY      |  out|    1|          m_axi|      D_W_GEMM_1|       pointer|
|m_axi_D_W_GEMM_1_BRESP       |   in|    2|          m_axi|      D_W_GEMM_1|       pointer|
|m_axi_D_W_GEMM_1_BID         |   in|    1|          m_axi|      D_W_GEMM_1|       pointer|
|m_axi_D_W_GEMM_1_BUSER       |   in|    1|          m_axi|      D_W_GEMM_1|       pointer|
|m_axi_kc_gemm_AWVALID        |  out|    1|          m_axi|         kc_gemm|       pointer|
|m_axi_kc_gemm_AWREADY        |   in|    1|          m_axi|         kc_gemm|       pointer|
|m_axi_kc_gemm_AWADDR         |  out|   64|          m_axi|         kc_gemm|       pointer|
|m_axi_kc_gemm_AWID           |  out|    1|          m_axi|         kc_gemm|       pointer|
|m_axi_kc_gemm_AWLEN          |  out|    8|          m_axi|         kc_gemm|       pointer|
|m_axi_kc_gemm_AWSIZE         |  out|    3|          m_axi|         kc_gemm|       pointer|
|m_axi_kc_gemm_AWBURST        |  out|    2|          m_axi|         kc_gemm|       pointer|
|m_axi_kc_gemm_AWLOCK         |  out|    2|          m_axi|         kc_gemm|       pointer|
|m_axi_kc_gemm_AWCACHE        |  out|    4|          m_axi|         kc_gemm|       pointer|
|m_axi_kc_gemm_AWPROT         |  out|    3|          m_axi|         kc_gemm|       pointer|
|m_axi_kc_gemm_AWQOS          |  out|    4|          m_axi|         kc_gemm|       pointer|
|m_axi_kc_gemm_AWREGION       |  out|    4|          m_axi|         kc_gemm|       pointer|
|m_axi_kc_gemm_AWUSER         |  out|    1|          m_axi|         kc_gemm|       pointer|
|m_axi_kc_gemm_WVALID         |  out|    1|          m_axi|         kc_gemm|       pointer|
|m_axi_kc_gemm_WREADY         |   in|    1|          m_axi|         kc_gemm|       pointer|
|m_axi_kc_gemm_WDATA          |  out|  512|          m_axi|         kc_gemm|       pointer|
|m_axi_kc_gemm_WSTRB          |  out|   64|          m_axi|         kc_gemm|       pointer|
|m_axi_kc_gemm_WLAST          |  out|    1|          m_axi|         kc_gemm|       pointer|
|m_axi_kc_gemm_WID            |  out|    1|          m_axi|         kc_gemm|       pointer|
|m_axi_kc_gemm_WUSER          |  out|    1|          m_axi|         kc_gemm|       pointer|
|m_axi_kc_gemm_ARVALID        |  out|    1|          m_axi|         kc_gemm|       pointer|
|m_axi_kc_gemm_ARREADY        |   in|    1|          m_axi|         kc_gemm|       pointer|
|m_axi_kc_gemm_ARADDR         |  out|   64|          m_axi|         kc_gemm|       pointer|
|m_axi_kc_gemm_ARID           |  out|    1|          m_axi|         kc_gemm|       pointer|
|m_axi_kc_gemm_ARLEN          |  out|    8|          m_axi|         kc_gemm|       pointer|
|m_axi_kc_gemm_ARSIZE         |  out|    3|          m_axi|         kc_gemm|       pointer|
|m_axi_kc_gemm_ARBURST        |  out|    2|          m_axi|         kc_gemm|       pointer|
|m_axi_kc_gemm_ARLOCK         |  out|    2|          m_axi|         kc_gemm|       pointer|
|m_axi_kc_gemm_ARCACHE        |  out|    4|          m_axi|         kc_gemm|       pointer|
|m_axi_kc_gemm_ARPROT         |  out|    3|          m_axi|         kc_gemm|       pointer|
|m_axi_kc_gemm_ARQOS          |  out|    4|          m_axi|         kc_gemm|       pointer|
|m_axi_kc_gemm_ARREGION       |  out|    4|          m_axi|         kc_gemm|       pointer|
|m_axi_kc_gemm_ARUSER         |  out|    1|          m_axi|         kc_gemm|       pointer|
|m_axi_kc_gemm_RVALID         |   in|    1|          m_axi|         kc_gemm|       pointer|
|m_axi_kc_gemm_RREADY         |  out|    1|          m_axi|         kc_gemm|       pointer|
|m_axi_kc_gemm_RDATA          |   in|  512|          m_axi|         kc_gemm|       pointer|
|m_axi_kc_gemm_RLAST          |   in|    1|          m_axi|         kc_gemm|       pointer|
|m_axi_kc_gemm_RID            |   in|    1|          m_axi|         kc_gemm|       pointer|
|m_axi_kc_gemm_RUSER          |   in|    1|          m_axi|         kc_gemm|       pointer|
|m_axi_kc_gemm_RRESP          |   in|    2|          m_axi|         kc_gemm|       pointer|
|m_axi_kc_gemm_BVALID         |   in|    1|          m_axi|         kc_gemm|       pointer|
|m_axi_kc_gemm_BREADY         |  out|    1|          m_axi|         kc_gemm|       pointer|
|m_axi_kc_gemm_BRESP          |   in|    2|          m_axi|         kc_gemm|       pointer|
|m_axi_kc_gemm_BID            |   in|    1|          m_axi|         kc_gemm|       pointer|
|m_axi_kc_gemm_BUSER          |   in|    1|          m_axi|         kc_gemm|       pointer|
|m_axi_vc_gemm_AWVALID        |  out|    1|          m_axi|         vc_gemm|       pointer|
|m_axi_vc_gemm_AWREADY        |   in|    1|          m_axi|         vc_gemm|       pointer|
|m_axi_vc_gemm_AWADDR         |  out|   64|          m_axi|         vc_gemm|       pointer|
|m_axi_vc_gemm_AWID           |  out|    1|          m_axi|         vc_gemm|       pointer|
|m_axi_vc_gemm_AWLEN          |  out|    8|          m_axi|         vc_gemm|       pointer|
|m_axi_vc_gemm_AWSIZE         |  out|    3|          m_axi|         vc_gemm|       pointer|
|m_axi_vc_gemm_AWBURST        |  out|    2|          m_axi|         vc_gemm|       pointer|
|m_axi_vc_gemm_AWLOCK         |  out|    2|          m_axi|         vc_gemm|       pointer|
|m_axi_vc_gemm_AWCACHE        |  out|    4|          m_axi|         vc_gemm|       pointer|
|m_axi_vc_gemm_AWPROT         |  out|    3|          m_axi|         vc_gemm|       pointer|
|m_axi_vc_gemm_AWQOS          |  out|    4|          m_axi|         vc_gemm|       pointer|
|m_axi_vc_gemm_AWREGION       |  out|    4|          m_axi|         vc_gemm|       pointer|
|m_axi_vc_gemm_AWUSER         |  out|    1|          m_axi|         vc_gemm|       pointer|
|m_axi_vc_gemm_WVALID         |  out|    1|          m_axi|         vc_gemm|       pointer|
|m_axi_vc_gemm_WREADY         |   in|    1|          m_axi|         vc_gemm|       pointer|
|m_axi_vc_gemm_WDATA          |  out|  512|          m_axi|         vc_gemm|       pointer|
|m_axi_vc_gemm_WSTRB          |  out|   64|          m_axi|         vc_gemm|       pointer|
|m_axi_vc_gemm_WLAST          |  out|    1|          m_axi|         vc_gemm|       pointer|
|m_axi_vc_gemm_WID            |  out|    1|          m_axi|         vc_gemm|       pointer|
|m_axi_vc_gemm_WUSER          |  out|    1|          m_axi|         vc_gemm|       pointer|
|m_axi_vc_gemm_ARVALID        |  out|    1|          m_axi|         vc_gemm|       pointer|
|m_axi_vc_gemm_ARREADY        |   in|    1|          m_axi|         vc_gemm|       pointer|
|m_axi_vc_gemm_ARADDR         |  out|   64|          m_axi|         vc_gemm|       pointer|
|m_axi_vc_gemm_ARID           |  out|    1|          m_axi|         vc_gemm|       pointer|
|m_axi_vc_gemm_ARLEN          |  out|    8|          m_axi|         vc_gemm|       pointer|
|m_axi_vc_gemm_ARSIZE         |  out|    3|          m_axi|         vc_gemm|       pointer|
|m_axi_vc_gemm_ARBURST        |  out|    2|          m_axi|         vc_gemm|       pointer|
|m_axi_vc_gemm_ARLOCK         |  out|    2|          m_axi|         vc_gemm|       pointer|
|m_axi_vc_gemm_ARCACHE        |  out|    4|          m_axi|         vc_gemm|       pointer|
|m_axi_vc_gemm_ARPROT         |  out|    3|          m_axi|         vc_gemm|       pointer|
|m_axi_vc_gemm_ARQOS          |  out|    4|          m_axi|         vc_gemm|       pointer|
|m_axi_vc_gemm_ARREGION       |  out|    4|          m_axi|         vc_gemm|       pointer|
|m_axi_vc_gemm_ARUSER         |  out|    1|          m_axi|         vc_gemm|       pointer|
|m_axi_vc_gemm_RVALID         |   in|    1|          m_axi|         vc_gemm|       pointer|
|m_axi_vc_gemm_RREADY         |  out|    1|          m_axi|         vc_gemm|       pointer|
|m_axi_vc_gemm_RDATA          |   in|  512|          m_axi|         vc_gemm|       pointer|
|m_axi_vc_gemm_RLAST          |   in|    1|          m_axi|         vc_gemm|       pointer|
|m_axi_vc_gemm_RID            |   in|    1|          m_axi|         vc_gemm|       pointer|
|m_axi_vc_gemm_RUSER          |   in|    1|          m_axi|         vc_gemm|       pointer|
|m_axi_vc_gemm_RRESP          |   in|    2|          m_axi|         vc_gemm|       pointer|
|m_axi_vc_gemm_BVALID         |   in|    1|          m_axi|         vc_gemm|       pointer|
|m_axi_vc_gemm_BREADY         |  out|    1|          m_axi|         vc_gemm|       pointer|
|m_axi_vc_gemm_BRESP          |   in|    2|          m_axi|         vc_gemm|       pointer|
|m_axi_vc_gemm_BID            |   in|    1|          m_axi|         vc_gemm|       pointer|
|m_axi_vc_gemm_BUSER          |   in|    1|          m_axi|         vc_gemm|       pointer|
|m_axi_w_n_t_gemm_AWVALID     |  out|    1|          m_axi|      w_n_t_gemm|       pointer|
|m_axi_w_n_t_gemm_AWREADY     |   in|    1|          m_axi|      w_n_t_gemm|       pointer|
|m_axi_w_n_t_gemm_AWADDR      |  out|   64|          m_axi|      w_n_t_gemm|       pointer|
|m_axi_w_n_t_gemm_AWID        |  out|    1|          m_axi|      w_n_t_gemm|       pointer|
|m_axi_w_n_t_gemm_AWLEN       |  out|    8|          m_axi|      w_n_t_gemm|       pointer|
|m_axi_w_n_t_gemm_AWSIZE      |  out|    3|          m_axi|      w_n_t_gemm|       pointer|
|m_axi_w_n_t_gemm_AWBURST     |  out|    2|          m_axi|      w_n_t_gemm|       pointer|
|m_axi_w_n_t_gemm_AWLOCK      |  out|    2|          m_axi|      w_n_t_gemm|       pointer|
|m_axi_w_n_t_gemm_AWCACHE     |  out|    4|          m_axi|      w_n_t_gemm|       pointer|
|m_axi_w_n_t_gemm_AWPROT      |  out|    3|          m_axi|      w_n_t_gemm|       pointer|
|m_axi_w_n_t_gemm_AWQOS       |  out|    4|          m_axi|      w_n_t_gemm|       pointer|
|m_axi_w_n_t_gemm_AWREGION    |  out|    4|          m_axi|      w_n_t_gemm|       pointer|
|m_axi_w_n_t_gemm_AWUSER      |  out|    1|          m_axi|      w_n_t_gemm|       pointer|
|m_axi_w_n_t_gemm_WVALID      |  out|    1|          m_axi|      w_n_t_gemm|       pointer|
|m_axi_w_n_t_gemm_WREADY      |   in|    1|          m_axi|      w_n_t_gemm|       pointer|
|m_axi_w_n_t_gemm_WDATA       |  out|  128|          m_axi|      w_n_t_gemm|       pointer|
|m_axi_w_n_t_gemm_WSTRB       |  out|   16|          m_axi|      w_n_t_gemm|       pointer|
|m_axi_w_n_t_gemm_WLAST       |  out|    1|          m_axi|      w_n_t_gemm|       pointer|
|m_axi_w_n_t_gemm_WID         |  out|    1|          m_axi|      w_n_t_gemm|       pointer|
|m_axi_w_n_t_gemm_WUSER       |  out|    1|          m_axi|      w_n_t_gemm|       pointer|
|m_axi_w_n_t_gemm_ARVALID     |  out|    1|          m_axi|      w_n_t_gemm|       pointer|
|m_axi_w_n_t_gemm_ARREADY     |   in|    1|          m_axi|      w_n_t_gemm|       pointer|
|m_axi_w_n_t_gemm_ARADDR      |  out|   64|          m_axi|      w_n_t_gemm|       pointer|
|m_axi_w_n_t_gemm_ARID        |  out|    1|          m_axi|      w_n_t_gemm|       pointer|
|m_axi_w_n_t_gemm_ARLEN       |  out|    8|          m_axi|      w_n_t_gemm|       pointer|
|m_axi_w_n_t_gemm_ARSIZE      |  out|    3|          m_axi|      w_n_t_gemm|       pointer|
|m_axi_w_n_t_gemm_ARBURST     |  out|    2|          m_axi|      w_n_t_gemm|       pointer|
|m_axi_w_n_t_gemm_ARLOCK      |  out|    2|          m_axi|      w_n_t_gemm|       pointer|
|m_axi_w_n_t_gemm_ARCACHE     |  out|    4|          m_axi|      w_n_t_gemm|       pointer|
|m_axi_w_n_t_gemm_ARPROT      |  out|    3|          m_axi|      w_n_t_gemm|       pointer|
|m_axi_w_n_t_gemm_ARQOS       |  out|    4|          m_axi|      w_n_t_gemm|       pointer|
|m_axi_w_n_t_gemm_ARREGION    |  out|    4|          m_axi|      w_n_t_gemm|       pointer|
|m_axi_w_n_t_gemm_ARUSER      |  out|    1|          m_axi|      w_n_t_gemm|       pointer|
|m_axi_w_n_t_gemm_RVALID      |   in|    1|          m_axi|      w_n_t_gemm|       pointer|
|m_axi_w_n_t_gemm_RREADY      |  out|    1|          m_axi|      w_n_t_gemm|       pointer|
|m_axi_w_n_t_gemm_RDATA       |   in|  128|          m_axi|      w_n_t_gemm|       pointer|
|m_axi_w_n_t_gemm_RLAST       |   in|    1|          m_axi|      w_n_t_gemm|       pointer|
|m_axi_w_n_t_gemm_RID         |   in|    1|          m_axi|      w_n_t_gemm|       pointer|
|m_axi_w_n_t_gemm_RUSER       |   in|    1|          m_axi|      w_n_t_gemm|       pointer|
|m_axi_w_n_t_gemm_RRESP       |   in|    2|          m_axi|      w_n_t_gemm|       pointer|
|m_axi_w_n_t_gemm_BVALID      |   in|    1|          m_axi|      w_n_t_gemm|       pointer|
|m_axi_w_n_t_gemm_BREADY      |  out|    1|          m_axi|      w_n_t_gemm|       pointer|
|m_axi_w_n_t_gemm_BRESP       |   in|    2|          m_axi|      w_n_t_gemm|       pointer|
|m_axi_w_n_t_gemm_BID         |   in|    1|          m_axi|      w_n_t_gemm|       pointer|
|m_axi_w_n_t_gemm_BUSER       |   in|    1|          m_axi|      w_n_t_gemm|       pointer|
+-----------------------------+-----+-----+---------------+----------------+--------------+

